Se crearon los archivos:
Pedro. H@Pedro MINGW64 /c/desarrollo/educacionit/bootcamp-java-universidad-2023/desafios-bootcamp2023/website (custom-navbar)
$ touch nueva-barra-2.html

Pedro. H@Pedro MINGW64 /c/desarrollo/educacionit/bootcamp-java-universidad-2023/desafios-bootcamp2023/website (custom-navbar)
$ tocuh nueva-barra-2.css
bash: tocuh: command not found

Pedro. H@Pedro MINGW64 /c/desarrollo/educacionit/bootcamp-java-universidad-2023/desafios-bootcamp2023/website (custom-navbar)
$ touch nueva-barra-2.css

Pedro. H@Pedro MINGW64 /c/desarrollo/educacionit/bootcamp-java-universidad-2023/desafios-bootcamp2023/website (custom-navbar)
$ touch nueva-barra-2.js


Pedro. H@Pedro MINGW64 /c/desarrollo/educacionit/bootcamp-java-universidad-2023/desafios-bootcamp2023/website (custom-navbar)
$

Pedro. H@Pedro MINGW64 /c/desarrollo/educacionit/bootcamp-java-universidad-2023/desafios-bootcamp2023/website (custom-navbar)
$ touch nueva-barra-2.txt

Pedro. H@Pedro MINGW64 /c/desarrollo/educacionit/bootcamp-java-universidad-2023/desafios-bootcamp2023/website (custom-navbar)
$ vim nueva-barra-2.txt


Se reviso el estado de los archivos
Pedro. H@Pedro MINGW64 /c/desarrollo/educacionit/bootcamp-java-universidad-2023/desafios-bootcamp2023/website (custom-navbar)
$ git status
On branch custom-navbar
Untracked files:
  (use "git add <file>..." to include in what will be committed)
        nueva-barra-2.css
        nueva-barra-2.html
        nueva-barra-2.js
        nueva-barra-2.txt

nothing added to commit but untracked files present (use "git add" to track)


Se agregaron los archvivos al stage
Pedro. H@Pedro MINGW64 /c/desarrollo/educacionit/bootcamp-java-universidad-2023/desafios-bootcamp2023/website (custom-navbar)
$ git stash --include-untracked
warning: in the working copy of 'website/nueva-barra-2.txt', LF will be replaced by CRLF the next time Git touches it
Saved working directory and index state WIP on custom-navbar: e4d491e vinculación de rama dev


Pedro. H@Pedro MINGW64 /c/desarrollo/educacionit/bootcamp-java-universidad-2023/desafios-bootcamp2023/website (custom-navbar)
$ git status
On branch custom-navbar
nothing to commit, working tree clean


Se reviso que si hay stash en la rama custom
Pedro. H@Pedro MINGW64 /c/desarrollo/educacionit/bootcamp-java-universidad-2023/desafios-bootcamp2023/website (custom-navbar)
$ git stash list
stash@{0}: WIP on custom-navbar: e4d491e vinculación de rama dev


nos fuimos a dev a resolver el problema
Pedro. H@Pedro MINGW64 /c/desarrollo/educacionit/bootcamp-java-universidad-2023/desafios-bootcamp2023/website (custom-navbar)
$ git checkout dev
Switched to branch 'dev'
Your branch is up to date with 'origin/dev'.


volvimos a la rama custom 
Pedro. H@Pedro MINGW64 /c/desarrollo/educacionit/bootcamp-java-universidad-2023/desafios-bootcamp2023/website (dev)
$ git checkout custom-navbar
Switched to branch 'custom-navbar'

Pedro. H@Pedro MINGW64 /c/desarrollo/educacionit/bootcamp-java-universidad-2023/desafios-bootcamp2023/website (custom-navbar)
$ git status
On branch custom-navbar
nothing to commit, working tree clean


restauramos los archivos y seguimos trabajando
Pedro. H@Pedro MINGW64 /c/desarrollo/educacionit/bootcamp-java-universidad-2023/desafios-bootcamp2023/website (custom-navbar)
$ git stash pop
Already up to date.
On branch custom-navbar
Untracked files:
  (use "git add <file>..." to include in what will be committed)
        nueva-barra-2.css
        nueva-barra-2.html
        nueva-barra-2.js
        nueva-barra-2.txt

nothing added to commit but untracked files present (use "git add" to track)
Dropped refs/stash@{0} (4f5f6c980b93134a2256d93dff7968f6a25a1fb1)

Pedro. H@Pedro MINGW64 /c/desarrollo/educacionit/bootcamp-java-universidad-2023/desafios-bootcamp2023/website (custom-navbar)
$ vim nueva-barra-2.txt

